<?xml version="1.0" encoding="UTF-8"?>
<testsuites name="jest tests" tests="2" failures="0" errors="0" time="1.421">
  <testsuite name="User" errors="0" failures="0" skipped="0" timestamp="2024-12-03T17:31:37" time="1.381" tests="2">
    <testcase classname="User should create a user with correct properties" name="User should create a user with correct properties" time="0.001">
    </testcase>
    <testcase classname="User should allow setting the rating" name="User should allow setting the rating" time="0.001">
    </testcase>
  </testsuite>
</testsuites>